[2026-08-05 21:29:28] CMD: python -c | SUCCESS: True | OUTPUT_LEN: 148
[2026-08-05 21:29:33] CMD: python test_import.py | SUCCESS: True | OUTPUT_LEN: 10
[2026-08-05 21:29:36] CMD: python main.py | SUCCESS: True | OUTPUT_LEN: 456
[2026-08-05 21:30:21] CMD: python fix_imports.py | SUCCESS: True | OUTPUT_LEN: 552
[2026-08-05 21:31:38] CMD: ls -la config client server shared | SUCCESS: True | OUTPUT_LEN: 1745
[2026-08-05 21:31:48] CMD: python fix_imports.py | SUCCESS: True | OUTPUT_LEN: 577
[2026-08-05 21:32:02] CMD: python -m | SUCCESS: True | OUTPUT_LEN: 148
[2026-08-05 21:32:10] CMD: python check_syntax.py | SUCCESS: True | OUTPUT_LEN: 849
[2026-08-05 21:32:52] CMD: python check_syntax.py | SUCCESS: True | OUTPUT_LEN: 528
[2026-08-05 21:33:01] CMD: python main.py | SUCCESS: True | OUTPUT_LEN: 527
[2026-08-05 21:33:59] CMD: python main.py | SUCCESS: False | OUTPUT_LEN: 7
[2026-08-05 21:35:15] CMD: python main.py | SUCCESS: False | OUTPUT_LEN: 7
[2026-08-05 21:35:49] CMD: python main.py | SUCCESS: False | OUTPUT_LEN: 7
[2026-08-05 21:35:51] CMD: timeout 5,python,main.py,--help | SUCCESS: False | OUTPUT_LEN: 0
[2026-08-05 21:35:55] CMD: bash -c,python main.py --help | SUCCESS: True | OUTPUT_LEN: 444
[2026-08-05 21:35:58] CMD: bash -c | SUCCESS: True | OUTPUT_LEN: 46
[2026-08-05 21:36:06] CMD: python test_help.py | SUCCESS: True | OUTPUT_LEN: 286
[2026-08-05 21:36:11] CMD: python check_syntax.py | SUCCESS: True | OUTPUT_LEN: 528
[2026-08-06 02:12:42] CMD: python check_syntax.py | SUCCESS: True | OUTPUT_LEN: 528
[2026-08-06 02:12:48] CMD: python test_help.py | SUCCESS: True | OUTPUT_LEN: 445
[2026-08-06 02:16:01] CMD: python check_syntax.py | SUCCESS: True | OUTPUT_LEN: 528
[2026-08-06 02:20:29] CMD: python patch_status.py | SUCCESS: True | OUTPUT_LEN: 21
[2026-08-06 02:20:32] CMD: python check_syntax.py | SUCCESS: True | OUTPUT_LEN: 528
[2026-08-06 02:21:07] CMD: python test_bnc_status.py | SUCCESS: True | OUTPUT_LEN: 45
[2026-08-06 02:21:11] CMD: bash -c python main.py > /tmp/bnc.log 2>&1 & echo $! | SUCCESS: True | OUTPUT_LEN: 6
[2026-08-06 02:21:18] CMD: python test_bnc_status.py | SUCCESS: True | OUTPUT_LEN: 1223
[2026-08-06 02:21:23] CMD: bash -c | SUCCESS: True | OUTPUT_LEN: 46
